// Jest Snapshot v1, https://goo.gl/fbAQLP

exports[`Pruebas en el <ProductImage/> debe mostrar el componente con el "img" del producto 1`] = `
<div
  className="productCard undefined"
>
  <img
    alt="coffee-black"
    className="productImg undefined"
    src="./coffee-mug.png"
  />
</div>
`;

exports[`Pruebas en el <ProductImage/> debe mostrar el componente correctamente con el img personalizado 1`] = `
<img
  alt="product-image"
  className="productImg undefined"
  src="https://prueba.jpg"
/>
`;
